../Drivers/BSP/STM32L4R9I_EVAL/stm32l4r9i_eval.c:803:13:I2Cx_DeInit	8	static
../Drivers/BSP/STM32L4R9I_EVAL/stm32l4r9i_eval.c:762:13:I2Cx_Init	208	static
../Drivers/BSP/STM32L4R9I_EVAL/stm32l4r9i_eval.c:243:13:BSP_ErrorHandler	0	static
../Drivers/BSP/STM32L4R9I_EVAL/stm32l4r9i_eval.c:1055:13:I2Cx_Error	8	static
../Drivers/BSP/STM32L4R9I_EVAL/stm32l4r9i_eval.c:999:26:I2Cx_ReadBuffer	24	static
../Drivers/BSP/STM32L4R9I_EVAL/stm32l4r9i_eval.c:252:10:BSP_GetVersion	0	static
../Drivers/BSP/STM32L4R9I_EVAL/stm32l4r9i_eval.c:267:6:BSP_LED_Init	56	static
../Drivers/BSP/STM32L4R9I_EVAL/stm32l4r9i_eval.c:296:6:BSP_LED_DeInit	8	static
../Drivers/BSP/STM32L4R9I_EVAL/stm32l4r9i_eval.c:314:6:BSP_LED_On	0	static
../Drivers/BSP/STM32L4R9I_EVAL/stm32l4r9i_eval.c:329:6:BSP_LED_Off	0	static
../Drivers/BSP/STM32L4R9I_EVAL/stm32l4r9i_eval.c:344:6:BSP_LED_Toggle	0	static
../Drivers/BSP/STM32L4R9I_EVAL/stm32l4r9i_eval.c:361:6:BSP_PB_Init	40	static
../Drivers/BSP/STM32L4R9I_EVAL/stm32l4r9i_eval.c:402:6:BSP_PB_DeInit	16	static
../Drivers/BSP/STM32L4R9I_EVAL/stm32l4r9i_eval.c:423:10:BSP_PB_GetState	8	static
../Drivers/BSP/STM32L4R9I_EVAL/stm32l4r9i_eval.c:465:6:BSP_JOY_DeInit	0	static
../Drivers/BSP/STM32L4R9I_EVAL/stm32l4r9i_eval.c:481:18:BSP_JOY_GetState	8	static
../Drivers/BSP/STM32L4R9I_EVAL/stm32l4r9i_eval.c:525:6:BSP_COM_Init	56	static
../Drivers/BSP/STM32L4R9I_EVAL/stm32l4r9i_eval.c:567:6:BSP_COM_DeInit	0	static
../Drivers/BSP/STM32L4R9I_EVAL/stm32l4r9i_eval.c:1079:6:MFX_IO_Init	0	static
../Drivers/BSP/STM32L4R9I_EVAL/stm32l4r9i_eval.c:1088:6:MFX_IO_ITConfig	32	static
../Drivers/BSP/STM32L4R9I_EVAL/stm32l4r9i_eval.c:437:9:BSP_JOY_Init	8	static
../Drivers/BSP/STM32L4R9I_EVAL/stm32l4r9i_eval.c:1114:6:MFX_IO_Write	32	static
../Drivers/BSP/STM32L4R9I_EVAL/stm32l4r9i_eval.c:1125:9:MFX_IO_Read	32	static
../Drivers/BSP/STM32L4R9I_EVAL/stm32l4r9i_eval.c:1137:10:MFX_IO_ReadMultiple	16	static
../Drivers/BSP/STM32L4R9I_EVAL/stm32l4r9i_eval.c:1147:6:MFX_IO_Delay	0	static
../Drivers/BSP/STM32L4R9I_EVAL/stm32l4r9i_eval.c:1156:6:MFX_IO_Wakeup	8	static
../Drivers/BSP/STM32L4R9I_EVAL/stm32l4r9i_eval.c:1172:6:MFX_IO_EnableWakeupPin	32	static
../Drivers/BSP/STM32L4R9I_EVAL/stm32l4r9i_eval.c:1191:6:MFX_IO_DeInit	48	static
../Drivers/BSP/STM32L4R9I_EVAL/stm32l4r9i_eval.c:1219:6:TS_IO_Init	0	static
../Drivers/BSP/STM32L4R9I_EVAL/stm32l4r9i_eval.c:1231:6:TS_IO_Write	32	static
../Drivers/BSP/STM32L4R9I_EVAL/stm32l4r9i_eval.c:1242:9:TS_IO_Read	32	static
../Drivers/BSP/STM32L4R9I_EVAL/stm32l4r9i_eval.c:1260:10:TS_IO_ReadMultiple	24	static
../Drivers/BSP/STM32L4R9I_EVAL/stm32l4r9i_eval.c:1270:6:TS_IO_Delay	0	static
../Drivers/BSP/STM32L4R9I_EVAL/stm32l4r9i_eval.c:1282:6:AUDIO_IO_Init	0	static
../Drivers/BSP/STM32L4R9I_EVAL/stm32l4r9i_eval.c:1291:6:AUDIO_IO_DeInit	0	static
../Drivers/BSP/STM32L4R9I_EVAL/stm32l4r9i_eval.c:1303:6:AUDIO_IO_Write	32	static
../Drivers/BSP/STM32L4R9I_EVAL/stm32l4r9i_eval.c:1319:10:AUDIO_IO_Read	24	static
../Drivers/BSP/STM32L4R9I_EVAL/stm32l4r9i_eval.c:1338:6:AUDIO_IO_Delay	0	static
../Drivers/BSP/STM32L4R9I_EVAL/stm32l4r9i_eval.c:1348:6:EEPROM_IO_Init	0	static
../Drivers/BSP/STM32L4R9I_EVAL/stm32l4r9i_eval.c:1361:19:EEPROM_IO_WriteData	24	static
../Drivers/BSP/STM32L4R9I_EVAL/stm32l4r9i_eval.c:1374:19:EEPROM_IO_ReadData	16	static
../Drivers/BSP/STM32L4R9I_EVAL/stm32l4r9i_eval.c:1386:19:EEPROM_IO_IsDeviceReady	0	static
