../Core/Src/stm32l4xx_hal_msp.c:64:6:HAL_MspInit	8	static
../Core/Src/stm32l4xx_hal_msp.c:86:6:HAL_I2C_MspInit	176	static
../Core/Src/stm32l4xx_hal_msp.c:132:6:HAL_I2C_MspDeInit	8	static
../Core/Src/stm32l4xx_hal_msp.c:163:6:HAL_QSPI_MspInit	40	static
../Core/Src/stm32l4xx_hal_msp.c:204:6:HAL_QSPI_MspDeInit	0	static
../Core/Src/stm32l4xx_hal_msp.c:238:6:HAL_SPI_MspInit	40	static
../Core/Src/stm32l4xx_hal_msp.c:275:6:HAL_SPI_MspDeInit	0	static
../Core/Src/stm32l4xx_hal_msp.c:305:6:HAL_TIM_Base_MspInit	16	static
../Core/Src/stm32l4xx_hal_msp.c:330:6:HAL_TIM_Base_MspDeInit	0	static
../Core/Src/stm32l4xx_hal_msp.c:355:6:HAL_UART_MspInit	176	static
../Core/Src/stm32l4xx_hal_msp.c:402:6:HAL_UART_MspDeInit	0	static
