../Core/Src/stm32l475e_iot01_qspi.c:722:16:QSPI_WriteEnable.constprop	88	static
../Core/Src/stm32l475e_iot01_qspi.c:763:16:QSPI_AutoPollingMemReady.constprop	88	static
../Core/Src/stm32l475e_iot01_qspi.c:107:9:BSP_QSPI_Read	64	static
../Core/Src/stm32l475e_iot01_qspi.c:149:9:BSP_QSPI_Write	80	static
../Core/Src/stm32l475e_iot01_qspi.c:223:9:BSP_QSPI_Erase_Block	64	static
../Core/Src/stm32l475e_iot01_qspi.c:271:9:BSP_QSPI_Erase_Sector	64	static
../Core/Src/stm32l475e_iot01_qspi.c:312:9:BSP_QSPI_Erase_Chip	64	static
../Core/Src/stm32l475e_iot01_qspi.c:352:9:BSP_QSPI_GetStatus	72	static
../Core/Src/stm32l475e_iot01_qspi.c:422:9:BSP_QSPI_GetInfo	0	static
../Core/Src/stm32l475e_iot01_qspi.c:438:9:BSP_QSPI_EnableMemoryMappedMode	72	static
../Core/Src/stm32l475e_iot01_qspi.c:472:9:BSP_QSPI_SuspendErase	64	static
../Core/Src/stm32l475e_iot01_qspi.c:513:9:BSP_QSPI_ResumeErase	64	static
../Core/Src/stm32l475e_iot01_qspi.c:558:9:BSP_QSPI_EnterDeepPowerDown	64	static
../Core/Src/stm32l475e_iot01_qspi.c:589:9:BSP_QSPI_LeaveDeepPowerDown	64	static
../Core/Src/stm32l475e_iot01_qspi.c:620:13:BSP_QSPI_MspInit	40	static
../Core/Src/stm32l475e_iot01_qspi.c:25:9:BSP_QSPI_Init	80	static,ignoring_inline_asm
../Core/Src/stm32l475e_iot01_qspi.c:648:13:BSP_QSPI_MspDeInit	16	static
../Core/Src/stm32l475e_iot01_qspi.c:84:9:BSP_QSPI_DeInit	8	static
