../Drivers/BSP/STM32L4xx_Nucleo_144/stm32l4xx_nucleo_144.c:155:10:BSP_GetVersion	0	static
../Drivers/BSP/STM32L4xx_Nucleo_144/stm32l4xx_nucleo_144.c:173:6:BSP_LED_Init	56	static
../Drivers/BSP/STM32L4xx_Nucleo_144/stm32l4xx_nucleo_144.c:200:6:BSP_LED_DeInit	24	static
../Drivers/BSP/STM32L4xx_Nucleo_144/stm32l4xx_nucleo_144.c:220:6:BSP_LED_On	0	static
../Drivers/BSP/STM32L4xx_Nucleo_144/stm32l4xx_nucleo_144.c:234:6:BSP_LED_Off	0	static
../Drivers/BSP/STM32L4xx_Nucleo_144/stm32l4xx_nucleo_144.c:248:6:BSP_LED_Toggle	0	static
../Drivers/BSP/STM32L4xx_Nucleo_144/stm32l4xx_nucleo_144.c:272:6:BSP_PB_Init	32	static
../Drivers/BSP/STM32L4xx_Nucleo_144/stm32l4xx_nucleo_144.c:309:6:BSP_PB_DeInit	8	static
../Drivers/BSP/STM32L4xx_Nucleo_144/stm32l4xx_nucleo_144.c:324:10:BSP_PB_GetState	8	static
