../Core/Src/ILI9341_STM32_Driver.c:95:6:ILI9341_SPI_Init	8	static
../Core/Src/ILI9341_STM32_Driver.c:103:6:ILI9341_SPI_Send	16	static
../Core/Src/ILI9341_STM32_Driver.c:109:6:ILI9341_Write_Command	8	static
../Core/Src/ILI9341_STM32_Driver.c:118:6:ILI9341_Write_Data	8	static
../Core/Src/ILI9341_STM32_Driver.c:127:6:ILI9341_Set_Address	24	static
../Core/Src/ILI9341_STM32_Driver.c:145:6:ILI9341_Reset	8	static
../Core/Src/ILI9341_STM32_Driver.c:155:6:ILI9341_Set_Rotation	8	static
../Core/Src/ILI9341_STM32_Driver.c:192:6:ILI9341_Enable	8	static
../Core/Src/ILI9341_STM32_Driver.c:198:6:ILI9341_Init	8	static
../Core/Src/ILI9341_STM32_Driver.c:338:6:ILI9341_Draw_Colour	16	static
../Core/Src/ILI9341_STM32_Driver.c:350:6:ILI9341_Draw_Colour_Burst	544	dynamic
../Core/Src/ILI9341_STM32_Driver.c:394:6:ILI9341_Fill_Screen	16	static
../Core/Src/ILI9341_STM32_Driver.c:406:6:ILI9341_Draw_Pixel	32	static
../Core/Src/ILI9341_STM32_Driver.c:457:6:ILI9341_Draw_Rectangle	16	static
../Core/Src/ILI9341_STM32_Driver.c:473:6:ILI9341_Draw_Horizontal_Line	16	static
../Core/Src/ILI9341_STM32_Driver.c:485:6:ILI9341_Draw_Vertical_Line	16	static
