../Drivers/BSP/B-L475E-IOT01/stm32l475e_iot01_qspi.c:819:16:QSPI_WriteEnable.constprop	88	static
../Drivers/BSP/B-L475E-IOT01/stm32l475e_iot01_qspi.c:865:16:QSPI_AutoPollingMemReady.constprop	88	static
../Drivers/BSP/B-L475E-IOT01/stm32l475e_iot01_qspi.c:204:9:BSP_QSPI_Read	64	static
../Drivers/BSP/B-L475E-IOT01/stm32l475e_iot01_qspi.c:246:9:BSP_QSPI_Write	80	static
../Drivers/BSP/B-L475E-IOT01/stm32l475e_iot01_qspi.c:320:9:BSP_QSPI_Erase_Block	64	static
../Drivers/BSP/B-L475E-IOT01/stm32l475e_iot01_qspi.c:368:9:BSP_QSPI_Erase_Sector	64	static
../Drivers/BSP/B-L475E-IOT01/stm32l475e_iot01_qspi.c:409:9:BSP_QSPI_Erase_Chip	64	static
../Drivers/BSP/B-L475E-IOT01/stm32l475e_iot01_qspi.c:449:9:BSP_QSPI_GetStatus	72	static
../Drivers/BSP/B-L475E-IOT01/stm32l475e_iot01_qspi.c:519:9:BSP_QSPI_GetInfo	0	static
../Drivers/BSP/B-L475E-IOT01/stm32l475e_iot01_qspi.c:535:9:BSP_QSPI_EnableMemoryMappedMode	72	static
../Drivers/BSP/B-L475E-IOT01/stm32l475e_iot01_qspi.c:569:9:BSP_QSPI_SuspendErase	64	static
../Drivers/BSP/B-L475E-IOT01/stm32l475e_iot01_qspi.c:610:9:BSP_QSPI_ResumeErase	64	static
../Drivers/BSP/B-L475E-IOT01/stm32l475e_iot01_qspi.c:655:9:BSP_QSPI_EnterDeepPowerDown	64	static
../Drivers/BSP/B-L475E-IOT01/stm32l475e_iot01_qspi.c:686:9:BSP_QSPI_LeaveDeepPowerDown	64	static
../Drivers/BSP/B-L475E-IOT01/stm32l475e_iot01_qspi.c:717:13:BSP_QSPI_MspInit	40	static
../Drivers/BSP/B-L475E-IOT01/stm32l475e_iot01_qspi.c:122:9:BSP_QSPI_Init	80	static,ignoring_inline_asm
../Drivers/BSP/B-L475E-IOT01/stm32l475e_iot01_qspi.c:745:13:BSP_QSPI_MspDeInit	16	static
../Drivers/BSP/B-L475E-IOT01/stm32l475e_iot01_qspi.c:181:9:BSP_QSPI_DeInit	8	static
