../Drivers/BSP/Components/ft5336/ft5336.c:145:6:ft5336_Reset	0	static
../Drivers/BSP/Components/ft5336/ft5336.c:391:9:ft5336_TS_ITStatus	0	static
../Drivers/BSP/Components/ft5336/ft5336.c:129:6:ft5336_Init	8	static
../Drivers/BSP/Components/ft5336/ft5336.c:206:9:ft5336_TS_DetectTouch	16	static
../Drivers/BSP/Components/ft5336/ft5336.c:238:6:ft5336_TS_GetXY	48	static
../Drivers/BSP/Components/ft5336/ft5336.c:359:6:ft5336_TS_EnableIT	0	static
../Drivers/BSP/Components/ft5336/ft5336.c:374:6:ft5336_TS_DisableIT	0	static
../Drivers/BSP/Components/ft5336/ft5336.c:189:6:ft5336_TS_Start	0	static
../Drivers/BSP/Components/ft5336/ft5336.c:404:6:ft5336_TS_ClearIT	0	static
../Drivers/BSP/Components/ft5336/ft5336.c:157:10:ft5336_ReadID	24	static
../Drivers/BSP/Components/ft5336/ft5336.c:419:6:ft5336_TS_GetGestureID	16	static
../Drivers/BSP/Components/ft5336/ft5336.c:443:6:ft5336_TS_GetTouchInfo	32	static
